<?xml version="1.0" encoding="UTF-8"?>
<testsuites>
  <testsuite name="Tests\Feature\Auth\PasswordResetOtpTest" file="C:\xampp\htdocs\mycrip\tests\Feature\Auth\PasswordResetOtpTest.php" tests="5" assertions="13" errors="0" failures="1" skipped="0" time="6.591573">
    <testcase name="test_user_can_request_otp" file="C:\xampp\htdocs\mycrip\tests\Feature\Auth\PasswordResetOtpTest.php" line="17" class="Tests\Feature\Auth\PasswordResetOtpTest" classname="Tests.Feature.Auth.PasswordResetOtpTest" assertions="4" time="1.959162"/>
    <testcase name="test_user_cannot_request_otp_for_invalid_email" file="C:\xampp\htdocs\mycrip\tests\Feature\Auth\PasswordResetOtpTest.php" line="36" class="Tests\Feature\Auth\PasswordResetOtpTest" classname="Tests.Feature.Auth.PasswordResetOtpTest" assertions="2" time="0.051765"/>
    <testcase name="test_user_can_verify_correct_otp" file="C:\xampp\htdocs\mycrip\tests\Feature\Auth\PasswordResetOtpTest.php" line="45" class="Tests\Feature\Auth\PasswordResetOtpTest" classname="Tests.Feature.Auth.PasswordResetOtpTest" assertions="4" time="0.087674"/>
    <testcase name="test_user_cannot_verify_incorrect_otp" file="C:\xampp\htdocs\mycrip\tests\Feature\Auth\PasswordResetOtpTest.php" line="66" class="Tests\Feature\Auth\PasswordResetOtpTest" classname="Tests.Feature.Auth.PasswordResetOtpTest" assertions="2" time="0.064890"/>
    <testcase name="test_user_can_reset_password_after_otp_verification" file="C:\xampp\htdocs\mycrip\tests\Feature\Auth\PasswordResetOtpTest.php" line="84" class="Tests\Feature\Auth\PasswordResetOtpTest" classname="Tests.Feature.Auth.PasswordResetOtpTest" assertions="1" time="4.428083">
      <failure type="PHPUnit\Framework\ExpectationFailedException">Tests\Feature\Auth\PasswordResetOtpTest::test_user_can_reset_password_after_otp_verification&#13;
Expected response status code [201, 301, 302, 303, 307, 308] but received 500.
Failed asserting that false is true.&#13;
&#13;
The following exception occurred during the last request:

Error: Class "App\Http\Controllers\Auth\User" not found in C:\xampp\htdocs\mycrip\app\Http\Controllers\Auth\ResetPasswordController.php:38
Stack trace:
#0 C:\xampp\htdocs\mycrip\vendor\laravel\framework\src\Illuminate\Routing\ControllerDispatcher.php(46): App\Http\Controllers\Auth\ResetPasswordController-&gt;reset(Object(Illuminate\Http\Request))
#1 C:\xampp\htdocs\mycrip\vendor\laravel\framework\src\Illuminate\Routing\Route.php(265): Illuminate\Routing\ControllerDispatcher-&gt;dispatch(Object(Illuminate\Routing\Route), Object(App\Http\Controllers\Auth\ResetPasswordController), 'reset')
#2 C:\xampp\htdocs\mycrip\vendor\laravel\framework\src\Illuminate\Routing\Route.php(211): Illuminate\Routing\Route-&gt;runController()
#3 C:\xampp\htdocs\mycrip\vendor\laravel\framework\src\Illuminate\Routing\Router.php(822): Illuminate\Routing\Route-&gt;run()
#4 C:\xampp\htdocs\mycrip\vendor\laravel\framework\src\Illuminate\Pipeline\Pipeline.php(180): Illuminate\Routing\Router-&gt;Illuminate\Routing\{closure}(Object(Illuminate\Http\Request))
#5 C:\xampp\htdocs\mycrip\vendor\laravel\framework\src\Illuminate\Routing\Middleware\SubstituteBindings.php(50): Illuminate\Pipeline\Pipeline-&gt;Illuminate\Pipeline\{closure}(Object(Illuminate\Http\Request))
#6 C:\xampp\htdocs\mycrip\vendor\laravel\framework\src\Illuminate\Pipeline\Pipeline.php(219): Illuminate\Routing\Middleware\SubstituteBindings-&gt;handle(Object(Illuminate\Http\Request), Object(Closure))
#7 C:\xampp\htdocs\mycrip\vendor\laravel\framework\src\Illuminate\Foundation\Http\Middleware\VerifyCsrfToken.php(87): Illuminate\Pipeline\Pipeline-&gt;Illuminate\Pipeline\{closure}(Object(Illuminate\Http\Request))
#8 C:\xampp\htdocs\mycrip\vendor\laravel\framework\src\Illuminate\Pipeline\Pipeline.php(219): Illuminate\Foundation\Http\Middleware\VerifyCsrfToken-&gt;handle(Object(Illuminate\Http\Request), Object(Closure))
#9 C:\xampp\htdocs\mycrip\vendor\laravel\framework\src\Illuminate\View\Middleware\ShareErrorsFromSession.php(48): Illuminate\Pipeline\Pipeline-&gt;Illuminate\Pipeline\{closure}(Object(Illuminate\Http\Request))
#10 C:\xampp\htdocs\mycrip\vendor\laravel\framework\src\Illuminate\Pipeline\Pipeline.php(219): Illuminate\View\Middleware\ShareErrorsFromSession-&gt;handle(Object(Illuminate\Http\Request), Object(Closure))
#11 C:\xampp\htdocs\mycrip\vendor\laravel\framework\src\Illuminate\Session\Middleware\StartSession.php(120): Illuminate\Pipeline\Pipeline-&gt;Illuminate\Pipeline\{closure}(Object(Illuminate\Http\Request))
#12 C:\xampp\htdocs\mycrip\vendor\laravel\framework\src\Illuminate\Session\Middleware\StartSession.php(63): Illuminate\Session\Middleware\StartSession-&gt;handleStatefulRequest(Object(Illuminate\Http\Request), Object(Illuminate\Session\Store), Object(Closure))
#13 C:\xampp\htdocs\mycrip\vendor\laravel\framework\src\Illuminate\Pipeline\Pipeline.php(219): Illuminate\Session\Middleware\StartSession-&gt;handle(Object(Illuminate\Http\Request), Object(Closure))
#14 C:\xampp\htdocs\mycrip\vendor\laravel\framework\src\Illuminate\Cookie\Middleware\AddQueuedCookiesToResponse.php(36): Illuminate\Pipeline\Pipeline-&gt;Illuminate\Pipeline\{closure}(Object(Illuminate\Http\Request))
#15 C:\xampp\htdocs\mycrip\vendor\laravel\framework\src\Illuminate\Pipeline\Pipeline.php(219): Illuminate\Cookie\Middleware\AddQueuedCookiesToResponse-&gt;handle(Object(Illuminate\Http\Request), Object(Closure))
#16 C:\xampp\htdocs\mycrip\vendor\laravel\framework\src\Illuminate\Cookie\Middleware\EncryptCookies.php(74): Illuminate\Pipeline\Pipeline-&gt;Illuminate\Pipeline\{closure}(Object(Illuminate\Http\Request))
#17 C:\xampp\htdocs\mycrip\vendor\laravel\framework\src\Illuminate\Pipeline\Pipeline.php(219): Illuminate\Cookie\Middleware\EncryptCookies-&gt;handle(Object(Illuminate\Http\Request), Object(Closure))
#18 C:\xampp\htdocs\mycrip\vendor\laravel\framework\src\Illuminate\Pipeline\Pipeline.php(137): Illuminate\Pipeline\Pipeline-&gt;Illuminate\Pipeline\{closure}(Object(Illuminate\Http\Request))
#19 C:\xampp\htdocs\mycrip\vendor\laravel\framework\src\Illuminate\Routing\Router.php(821): Illuminate\Pipeline\Pipeline-&gt;then(Object(Closure))
#20 C:\xampp\htdocs\mycrip\vendor\laravel\framework\src\Illuminate\Routing\Router.php(800): Illuminate\Routing\Router-&gt;runRouteWithinStack(Object(Illuminate\Routing\Route), Object(Illuminate\Http\Request))
#21 C:\xampp\htdocs\mycrip\vendor\laravel\framework\src\Illuminate\Routing\Router.php(764): Illuminate\Routing\Router-&gt;runRoute(Object(Illuminate\Http\Request), Object(Illuminate\Routing\Route))
#22 C:\xampp\htdocs\mycrip\vendor\laravel\framework\src\Illuminate\Routing\Router.php(753): Illuminate\Routing\Router-&gt;dispatchToRoute(Object(Illuminate\Http\Request))
#23 C:\xampp\htdocs\mycrip\vendor\laravel\framework\src\Illuminate\Foundation\Http\Kernel.php(200): Illuminate\Routing\Router-&gt;dispatch(Object(Illuminate\Http\Request))
#24 C:\xampp\htdocs\mycrip\vendor\laravel\framework\src\Illuminate\Pipeline\Pipeline.php(180): Illuminate\Foundation\Http\Kernel-&gt;Illuminate\Foundation\Http\{closure}(Object(Illuminate\Http\Request))
#25 C:\xampp\htdocs\mycrip\vendor\livewire\livewire\src\Features\SupportDisablingBackButtonCache\DisableBackButtonCacheMiddleware.php(19): Illuminate\Pipeline\Pipeline-&gt;Illuminate\Pipeline\{closure}(Object(Illuminate\Http\Request))
#26 C:\xampp\htdocs\mycrip\vendor\laravel\framework\src\Illuminate\Pipeline\Pipeline.php(219): Livewire\Features\SupportDisablingBackButtonCache\DisableBackButtonCacheMiddleware-&gt;handle(Object(Illuminate\Http\Request), Object(Closure))
#27 C:\xampp\htdocs\mycrip\vendor\laravel\framework\src\Illuminate\Foundation\Http\Middleware\TransformsRequest.php(21): Illuminate\Pipeline\Pipeline-&gt;Illuminate\Pipeline\{closure}(Object(Illuminate\Http\Request))
#28 C:\xampp\htdocs\mycrip\vendor\laravel\framework\src\Illuminate\Foundation\Http\Middleware\ConvertEmptyStringsToNull.php(31): Illuminate\Foundation\Http\Middleware\TransformsRequest-&gt;handle(Object(Illuminate\Http\Request), Object(Closure))
#29 C:\xampp\htdocs\mycrip\vendor\laravel\framework\src\Illuminate\Pipeline\Pipeline.php(219): Illuminate\Foundation\Http\Middleware\ConvertEmptyStringsToNull-&gt;handle(Object(Illuminate\Http\Request), Object(Closure))
#30 C:\xampp\htdocs\mycrip\vendor\laravel\framework\src\Illuminate\Foundation\Http\Middleware\TransformsRequest.php(21): Illuminate\Pipeline\Pipeline-&gt;Illuminate\Pipeline\{closure}(Object(Illuminate\Http\Request))
#31 C:\xampp\htdocs\mycrip\vendor\laravel\framework\src\Illuminate\Foundation\Http\Middleware\TrimStrings.php(51): Illuminate\Foundation\Http\Middleware\TransformsRequest-&gt;handle(Object(Illuminate\Http\Request), Object(Closure))
#32 C:\xampp\htdocs\mycrip\vendor\laravel\framework\src\Illuminate\Pipeline\Pipeline.php(219): Illuminate\Foundation\Http\Middleware\TrimStrings-&gt;handle(Object(Illuminate\Http\Request), Object(Closure))
#33 C:\xampp\htdocs\mycrip\vendor\laravel\framework\src\Illuminate\Http\Middleware\ValidatePostSize.php(27): Illuminate\Pipeline\Pipeline-&gt;Illuminate\Pipeline\{closure}(Object(Illuminate\Http\Request))
#34 C:\xampp\htdocs\mycrip\vendor\laravel\framework\src\Illuminate\Pipeline\Pipeline.php(219): Illuminate\Http\Middleware\ValidatePostSize-&gt;handle(Object(Illuminate\Http\Request), Object(Closure))
#35 C:\xampp\htdocs\mycrip\vendor\laravel\framework\src\Illuminate\Foundation\Http\Middleware\PreventRequestsDuringMaintenance.php(109): Illuminate\Pipeline\Pipeline-&gt;Illuminate\Pipeline\{closure}(Object(Illuminate\Http\Request))
#36 C:\xampp\htdocs\mycrip\vendor\laravel\framework\src\Illuminate\Pipeline\Pipeline.php(219): Illuminate\Foundation\Http\Middleware\PreventRequestsDuringMaintenance-&gt;handle(Object(Illuminate\Http\Request), Object(Closure))
#37 C:\xampp\htdocs\mycrip\vendor\laravel\framework\src\Illuminate\Http\Middleware\HandleCors.php(61): Illuminate\Pipeline\Pipeline-&gt;Illuminate\Pipeline\{closure}(Object(Illuminate\Http\Request))
#38 C:\xampp\htdocs\mycrip\vendor\laravel\framework\src\Illuminate\Pipeline\Pipeline.php(219): Illuminate\Http\Middleware\HandleCors-&gt;handle(Object(Illuminate\Http\Request), Object(Closure))
#39 C:\xampp\htdocs\mycrip\vendor\laravel\framework\src\Illuminate\Http\Middleware\TrustProxies.php(58): Illuminate\Pipeline\Pipeline-&gt;Illuminate\Pipeline\{closure}(Object(Illuminate\Http\Request))
#40 C:\xampp\htdocs\mycrip\vendor\laravel\framework\src\Illuminate\Pipeline\Pipeline.php(219): Illuminate\Http\Middleware\TrustProxies-&gt;handle(Object(Illuminate\Http\Request), Object(Closure))
#41 C:\xampp\htdocs\mycrip\vendor\laravel\framework\src\Illuminate\Foundation\Http\Middleware\InvokeDeferredCallbacks.php(22): Illuminate\Pipeline\Pipeline-&gt;Illuminate\Pipeline\{closure}(Object(Illuminate\Http\Request))
#42 C:\xampp\htdocs\mycrip\vendor\laravel\framework\src\Illuminate\Pipeline\Pipeline.php(219): Illuminate\Foundation\Http\Middleware\InvokeDeferredCallbacks-&gt;handle(Object(Illuminate\Http\Request), Object(Closure))
#43 C:\xampp\htdocs\mycrip\vendor\laravel\framework\src\Illuminate\Http\Middleware\ValidatePathEncoding.php(26): Illuminate\Pipeline\Pipeline-&gt;Illuminate\Pipeline\{closure}(Object(Illuminate\Http\Request))
#44 C:\xampp\htdocs\mycrip\vendor\laravel\framework\src\Illuminate\Pipeline\Pipeline.php(219): Illuminate\Http\Middleware\ValidatePathEncoding-&gt;handle(Object(Illuminate\Http\Request), Object(Closure))
#45 C:\xampp\htdocs\mycrip\vendor\laravel\framework\src\Illuminate\Pipeline\Pipeline.php(137): Illuminate\Pipeline\Pipeline-&gt;Illuminate\Pipeline\{closure}(Object(Illuminate\Http\Request))
#46 C:\xampp\htdocs\mycrip\vendor\laravel\framework\src\Illuminate\Foundation\Http\Kernel.php(175): Illuminate\Pipeline\Pipeline-&gt;then(Object(Closure))
#47 C:\xampp\htdocs\mycrip\vendor\laravel\framework\src\Illuminate\Foundation\Http\Kernel.php(144): Illuminate\Foundation\Http\Kernel-&gt;sendRequestThroughRouter(Object(Illuminate\Http\Request))
#48 C:\xampp\htdocs\mycrip\vendor\laravel\framework\src\Illuminate\Foundation\Testing\Concerns\MakesHttpRequests.php(607): Illuminate\Foundation\Http\Kernel-&gt;handle(Object(Illuminate\Http\Request))
#49 C:\xampp\htdocs\mycrip\vendor\laravel\framework\src\Illuminate\Foundation\Testing\Concerns\MakesHttpRequests.php(397): Illuminate\Foundation\Testing\TestCase-&gt;call('POST', 'http://127.0.0....', Array, Array, Array, Array)
#50 C:\xampp\htdocs\mycrip\tests\Feature\Auth\PasswordResetOtpTest.php(89): Illuminate\Foundation\Testing\TestCase-&gt;post('http://127.0.0....', Array)
#51 C:\xampp\htdocs\mycrip\vendor\phpunit\phpunit\src\Framework\TestCase.php(1667): Tests\Feature\Auth\PasswordResetOtpTest-&gt;test_user_can_reset_password_after_otp_verification()
#52 C:\xampp\htdocs\mycrip\vendor\phpunit\phpunit\src\Framework\TestCase.php(519): PHPUnit\Framework\TestCase-&gt;runTest()
#53 C:\xampp\htdocs\mycrip\vendor\phpunit\phpunit\src\Framework\TestRunner\TestRunner.php(87): PHPUnit\Framework\TestCase-&gt;runBare()
#54 C:\xampp\htdocs\mycrip\vendor\phpunit\phpunit\src\Framework\TestCase.php(365): PHPUnit\Framework\TestRunner-&gt;run(Object(Tests\Feature\Auth\PasswordResetOtpTest))
#55 C:\xampp\htdocs\mycrip\vendor\phpunit\phpunit\src\Framework\TestSuite.php(369): PHPUnit\Framework\TestCase-&gt;run()
#56 C:\xampp\htdocs\mycrip\vendor\phpunit\phpunit\src\TextUI\TestRunner.php(64): PHPUnit\Framework\TestSuite-&gt;run()
#57 C:\xampp\htdocs\mycrip\vendor\phpunit\phpunit\src\TextUI\Application.php(211): PHPUnit\TextUI\TestRunner-&gt;run(Object(PHPUnit\TextUI\Configuration\Configuration), Object(PHPUnit\Runner\ResultCache\DefaultResultCache), Object(PHPUnit\Framework\TestSuite))
#58 C:\xampp\htdocs\mycrip\vendor\phpunit\phpunit\phpunit(104): PHPUnit\TextUI\Application-&gt;run(Array)
#59 {main}

----------------------------------------------------------------------------------

Class "App\Http\Controllers\Auth\User" not found
&#13;
C:\xampp\htdocs\mycrip\vendor\laravel\framework\src\Illuminate\Testing\TestResponseAssert.php:45
C:\xampp\htdocs\mycrip\vendor\laravel\framework\src\Illuminate\Testing\TestResponse.php:199
C:\xampp\htdocs\mycrip\tests\Feature\Auth\PasswordResetOtpTest.php:96</failure>
    </testcase>
  </testsuite>
</testsuites>
